12:17:29 **** Build of project led4_axi_lite_slave_bsp ****
make -k all 
libgen -hw ../system_hw_platform/system.xml\
	       \
	       -pe ps7_cortexa9_0 \
	       -log libgen.log \
	       system.mss
libgen
Xilinx EDK 14.7 Build EDK_P.20131013
Copyright (c) 1995-2012 Xilinx, Inc.  All rights reserved.

Command Line: libgen -hw ../system_hw_platform/system.xml -pe ps7_cortexa9_0
-log libgen.log system.mss 


Staging source files.
Running DRCs.
Running generate.
Running post_generate.
Running include - 'make -s include "COMPILER=arm-xilinx-eabi-gcc"
"ARCHIVER=arm-xilinx-eabi-ar" "COMPILER_FLAGS= -O2 -c"
"EXTRA_COMPILER_FLAGS=-g"'.

Running libs - 'make -s libs "COMPILER=arm-xilinx-eabi-gcc"
"ARCHIVER=arm-xilinx-eabi-ar" "COMPILER_FLAGS= -O2 -c"
"EXTRA_COMPILER_FLAGS=-g"'.
"Compiling standalone"
arm-xilinx-eabi-ar: creating ../../../lib/libxil.a
"Compiling devcfg"
"Compiling dmaps"
"Compiling emacps"
"Compiling gpiops"
"Compiling iicps"
"Compiling qspips"
"Compiling scugic"
"Compiling scutimer"
"Compiling scuwdt"
"Compiling uartps"
"Compiling usbps"
"Compiling xadcps"
"Compiling cpu_cortexa9"
Running execs_generate.
'Finished building libraries'

**** Build of configuration Debug for project led4_axi_lite_slave ****

Nothing to build for project led4_axi_lite_slave
20:33:36 **** Auto Build of configuration Debug for project led4_axi_lite_slave ****
make all 
'Building file: ../src/led4_axi_lite_slave.c'
'Invoking: ARM gcc compiler'
arm-xilinx-eabi-gcc -Wall -O0 -g3 -c -fmessage-length=0 -I../../led4_axi_lite_slave_bsp/ps7_cortexa9_0/include -MMD -MP -MF"src/led4_axi_lite_slave.d" -MT"src/led4_axi_lite_slave.d" -o "src/led4_axi_lite_slave.o" "../src/led4_axi_lite_slave.c"
../src/led4_axi_lite_slave.c:10:21: fatal error: xtmrctr.h: No such file or directory
compilation terminated.
make: *** [src/led4_axi_lite_slave.o] エラー 1
20:33:57 **** Auto Build of configuration Debug for project led4_axi_lite_slave ****
make all 
'Building file: ../src/led4_axi_lite_slave.c'
'Invoking: ARM gcc compiler'
arm-xilinx-eabi-gcc -Wall -O0 -g3 -c -fmessage-length=0 -I../../led4_axi_lite_slave_bsp/ps7_cortexa9_0/include -MMD -MP -MF"src/led4_axi_lite_slave.d" -MT"src/led4_axi_lite_slave.d" -o "src/led4_axi_lite_slave.o" "../src/led4_axi_lite_slave.c"
../src/led4_axi_lite_slave.c: In function 'main':
../src/led4_axi_lite_slave.c:23:7: warning: unused variable 'str' [-Wunused-variable]
'Finished building: ../src/led4_axi_lite_slave.c'
' '
'Building target: led4_axi_lite_slave.elf'
'Invoking: ARM gcc linker'
arm-xilinx-eabi-gcc -Wl,-T -Wl,../src/lscript.ld -L../../led4_axi_lite_slave_bsp/ps7_cortexa9_0/lib -o "led4_axi_lite_slave.elf"  ./src/led4_axi_lite_slave.o   -Wl,--start-group,-lxil,-lgcc,-lc,--end-group
'Finished building target: led4_axi_lite_slave.elf'
' '
'Invoking: ARM Print Size'
arm-xilinx-eabi-size led4_axi_lite_slave.elf  |tee "led4_axi_lite_slave.elf.size"
   text	   data	    bss	    dec	    hex	filename
  94176	   2312	  30108	 126596	  1ee84	led4_axi_lite_slave.elf
'Finished building: led4_axi_lite_slave.elf.size'
' '
20:34:36 **** Auto Build of configuration Debug for project led4_axi_lite_slave ****
make all 
'Building file: ../src/led4_axi_lite_slave.c'
'Invoking: ARM gcc compiler'
arm-xilinx-eabi-gcc -Wall -O0 -g3 -c -fmessage-length=0 -I../../led4_axi_lite_slave_bsp/ps7_cortexa9_0/include -MMD -MP -MF"src/led4_axi_lite_slave.d" -MT"src/led4_axi_lite_slave.d" -o "src/led4_axi_lite_slave.o" "../src/led4_axi_lite_slave.c"
'Finished building: ../src/led4_axi_lite_slave.c'
' '
'Building target: led4_axi_lite_slave.elf'
'Invoking: ARM gcc linker'
arm-xilinx-eabi-gcc -Wl,-T -Wl,../src/lscript.ld -L../../led4_axi_lite_slave_bsp/ps7_cortexa9_0/lib -o "led4_axi_lite_slave.elf"  ./src/led4_axi_lite_slave.o   -Wl,--start-group,-lxil,-lgcc,-lc,--end-group
'Finished building target: led4_axi_lite_slave.elf'
' '
'Invoking: ARM Print Size'
arm-xilinx-eabi-size led4_axi_lite_slave.elf  |tee "led4_axi_lite_slave.elf.size"
   text	   data	    bss	    dec	    hex	filename
  94176	   2312	  30108	 126596	  1ee84	led4_axi_lite_slave.elf
'Finished building: led4_axi_lite_slave.elf.size'
' '
20:43:19 **** Incremental Build of configuration Debug for project led4_axi_lite_slave ****
make all 
make: `all' に対して行うべき事はありません.
20:44:02 **** Incremental Build of configuration Debug for project led4_axi_lite_slave ****
make all 
make: `all' に対して行うべき事はありません.
04:52:18 **** Incremental Build of configuration Debug for project led4_axi_lite_slave ****
make all 
make: `all' に対して行うべき事はありません.
05:32:39 **** Incremental Build of configuration Debug for project led4_axi_lite_slave ****
make all 
make: `all' に対して行うべき事はありません.
18:38:41 **** Incremental Build of configuration Debug for project led4_axi_lite_slave ****
make all 
make: `all' に対して行うべき事はありません.
